2026-08-11 14:54:08,545 - [INFO] - root - Initializing database...
2026-08-11 14:54:08,551 - [INFO] - database.base - Database tables initialized successfully with WAL mode.
2026-08-11 14:54:08,565 - [INFO] - apscheduler.scheduler - Adding job tentatively -- it will be properly scheduled when the scheduler starts
2026-08-11 14:54:08,566 - [INFO] - apscheduler.scheduler - Added job "check_and_send_daily_reminders" to job store "default"
2026-08-11 14:54:08,566 - [INFO] - apscheduler.scheduler - Scheduler started
2026-08-11 14:54:08,566 - [INFO] - services.scheduler - APScheduler started successfully.
2026-08-11 14:54:09,248 - [INFO] - root - Bot started successfully! Username: @todoist_robot (ID: 8574907694)
2026-08-11 14:54:09,248 - [INFO] - aiogram.dispatcher - Start polling
2026-08-11 14:54:09,439 - [INFO] - aiogram.dispatcher - Run polling for bot @todoist_robot id=8574907694 - 'Vazifalar uchun'
2026-08-11 14:54:09,831 - [INFO] - root - Broadcast done. Sent: 1, Skipped (blocked/deleted): 0
2026-08-11 14:54:10,263 - [INFO] - aiogram.event - Update id=494105620 is handled. Duration 592 ms by bot id=8574907694
2026-08-11 14:54:10,271 - [INFO] - aiogram.event - Update id=494105619 is handled. Duration 603 ms by bot id=8574907694
2026-08-11 14:54:17,020 - [INFO] - aiogram.event - Update id=494105621 is handled. Duration 282 ms by bot id=8574907694
2026-08-11 14:54:25,937 - [INFO] - aiogram.event - Update id=494105622 is handled. Duration 213 ms by bot id=8574907694
2026-08-11 14:54:27,889 - [INFO] - aiogram.event - Update id=494105623 is handled. Duration 418 ms by bot id=8574907694
2026-08-11 14:54:43,334 - [INFO] - aiogram.event - Update id=494105624 is handled. Duration 408 ms by bot id=8574907694
2026-08-11 14:54:45,185 - [INFO] - aiogram.event - Update id=494105625 is handled. Duration 415 ms by bot id=8574907694
2026-08-11 14:54:47,849 - [INFO] - aiogram.event - Update id=494105626 is handled. Duration 409 ms by bot id=8574907694
2026-08-11 14:54:49,787 - [INFO] - aiogram.event - Update id=494105627 is handled. Duration 409 ms by bot id=8574907694
2026-08-11 14:55:00,001 - [INFO] - apscheduler.executors.default - Running job "check_and_send_daily_reminders (trigger: cron[minute='*'], next run at: 2026-08-11 14:56:00 CDT)" (scheduled at 2026-08-11 14:55:00-05:00)
2026-08-11 14:55:00,005 - [INFO] - apscheduler.executors.default - Job "check_and_send_daily_reminders (trigger: cron[minute='*'], next run at: 2026-08-11 14:56:00 CDT)" executed successfully
2026-08-11 14:55:30,660 - [INFO] - aiogram.event - Update id=494105628 is handled. Duration 235 ms by bot id=8574907694
2026-08-11 14:55:35,156 - [INFO] - aiogram.event - Update id=494105629 is handled. Duration 414 ms by bot id=8574907694
2026-08-11 14:55:57,580 - [INFO] - aiogram.event - Update id=494105630 is handled. Duration 203 ms by bot id=8574907694
2026-08-11 14:56:00,001 - [INFO] - apscheduler.executors.default - Running job "check_and_send_daily_reminders (trigger: cron[minute='*'], next run at: 2026-08-11 14:57:00 CDT)" (scheduled at 2026-08-11 14:56:00-05:00)
2026-08-11 14:56:00,005 - [INFO] - apscheduler.executors.default - Job "check_and_send_daily_reminders (trigger: cron[minute='*'], next run at: 2026-08-11 14:57:00 CDT)" executed successfully
2026-08-11 14:56:00,517 - [INFO] - aiogram.event - Update id=494105631 is handled. Duration 291 ms by bot id=8574907694
2026-08-11 14:56:09,953 - [INFO] - aiogram.event - Update id=494105632 is handled. Duration 152 ms by bot id=8574907694
2026-08-11 14:56:13,718 - [INFO] - aiogram.event - Update id=494105634 is handled. Duration 577 ms by bot id=8574907694
2026-08-11 14:56:14,476 - [INFO] - aiogram.event - Update id=494105633 is handled. Duration 2973 ms by bot id=8574907694
2026-08-11 14:56:18,274 - [INFO] - aiogram.event - Update id=494105635 is handled. Duration 422 ms by bot id=8574907694
2026-08-11 14:57:00,002 - [INFO] - apscheduler.executors.default - Running job "check_and_send_daily_reminders (trigger: cron[minute='*'], next run at: 2026-08-11 14:58:00 CDT)" (scheduled at 2026-08-11 14:57:00-05:00)
2026-08-11 14:57:00,009 - [INFO] - apscheduler.executors.default - Job "check_and_send_daily_reminders (trigger: cron[minute='*'], next run at: 2026-08-11 14:58:00 CDT)" executed successfully
2026-08-11 14:57:01,077 - [INFO] - aiogram.event - Update id=494105636 is handled. Duration 417 ms by bot id=8574907694
2026-08-11 14:57:03,725 - [INFO] - aiogram.event - Update id=494105637 is handled. Duration 203 ms by bot id=8574907694
2026-08-11 14:57:05,530 - [INFO] - aiogram.event - Update id=494105638 is handled. Duration 370 ms by bot id=8574907694
2026-08-11 14:58:00,002 - [INFO] - apscheduler.executors.default - Running job "check_and_send_daily_reminders (trigger: cron[minute='*'], next run at: 2026-08-11 14:59:00 CDT)" (scheduled at 2026-08-11 14:58:00-05:00)
2026-08-11 14:58:00,013 - [INFO] - apscheduler.executors.default - Job "check_and_send_daily_reminders (trigger: cron[minute='*'], next run at: 2026-08-11 14:59:00 CDT)" executed successfully
2026-08-11 14:59:00,002 - [INFO] - apscheduler.executors.default - Running job "check_and_send_daily_reminders (trigger: cron[minute='*'], next run at: 2026-08-11 15:00:00 CDT)" (scheduled at 2026-08-11 14:59:00-05:00)
2026-08-11 14:59:00,006 - [INFO] - apscheduler.executors.default - Job "check_and_send_daily_reminders (trigger: cron[minute='*'], next run at: 2026-08-11 15:00:00 CDT)" executed successfully
2026-08-11 15:00:00,001 - [INFO] - apscheduler.executors.default - Running job "check_and_send_daily_reminders (trigger: cron[minute='*'], next run at: 2026-08-11 15:01:00 CDT)" (scheduled at 2026-08-11 15:00:00-05:00)
2026-08-11 15:00:00,003 - [INFO] - apscheduler.executors.default - Job "check_and_send_daily_reminders (trigger: cron[minute='*'], next run at: 2026-08-11 15:01:00 CDT)" executed successfully
